[38;5;112m[Appium][0m Welcome to Appium v3.0.2 (REV fbfdbaba008189499958a7aeb1e2c36ab10c067d)
[38;5;112m[Appium][0m Non-default server args:
[38;5;112m[Appium][0m { basePath: [32m'/wd/hub'[39m, loglevel: [32m'info'[39m, port: [33m51200[39m }
[38;5;112m[Appium][0m Attempting to load driver uiautomator2...
[38;5;112m[Appium][0m Appium REST http interface listener started on http://0.0.0.0:51200/wd/hub
[38;5;112m[Appium][0m You can provide the following URLs in your client code to connect to this server:
	http://127.0.0.1:51200/wd/hub (only accessible from the same host)
	http://10.224.173.157:51200/wd/hub
[38;5;112m[Appium][0m Available drivers:
[38;5;112m[Appium][0m   - uiautomator2@5.0.3 (automationName 'UiAutomator2')
[38;5;112m[Appium][0m No plugins have been installed. Use the "appium plugin" command to install the one(s) you want to use.
[38;5;86m[HTTP][0m [37m-->[39m [37mGET[39m [37m/wd/hub/status[39m 
[38;5;86m[HTTP][0m <-- GET /wd/hub/status 200 2 ms - 199 
[38;5;86m[HTTP][0m [37m-->[39m [37mGET[39m [37m/wd/hub/status[39m 
[38;5;86m[HTTP][0m <-- GET /wd/hub/status 200 1 ms - 199 
[38;5;86m[HTTP][0m [37m-->[39m [37mPOST[39m [37m/wd/hub/session[39m {"capabilities":{"firstMatch":[{"appium:autoGrantPermissions":true,"appium:automationName":"uiautomator2","appium:deviceId":"5843cd0a","appium:deviceName":"realme RMX3472 (Android 14)","appium:fullReset":false,"appium:ignoreHiddenApiPolicyError":true,"appium:newCommandTimeout":1800,"appium:noReset":true,"appium:platformVersion":"14","appium:systemPort":8294,"appium:udid":"5843cd0a","platformName":"ANDROID"}]},"desiredCapabilities":{"appium:autoGrantPermissions":true,"appium:automationName":"uiautomator2","appium:deviceId":"5843cd0a","appium:deviceName":"realme RMX3472 (Android 14)","appium:fullReset":false,"appium:ignoreHiddenApiPolicyError":true,"appium:newCommandTimeout":1800,"appium:noReset":true,"appium:platformVersion":"14","appium:systemPort":8294,"appium:udid":"5843cd0a","platformName":"ANDROID"}}
[38;5;123m[BaseDriver][0m The following arguments are not known and will be ignored: desiredCapabilities
[38;5;112m[Appium][0m Attempting to find matching driver for automationName 'uiautomator2' and platformName 'ANDROID'
[38;5;112m[Appium][0m The 'uiautomator2' driver was installed and matched caps.
[38;5;112m[Appium][0m Will require it at /Users/h25060008/.appium/node_modules/appium-uiautomator2-driver
[38;5;92m[AppiumDriver@1c35][0m Appium v3.0.2 creating new AndroidUiautomator2Driver (v5.0.3) session
[38;5;92m[AppiumDriver@1c35][0m Checking BaseDriver versions for Appium and AndroidUiautomator2Driver
[38;5;92m[AppiumDriver@1c35][0m Appium's BaseDriver version is 10.0.1
[38;5;92m[AppiumDriver@1c35][0m AndroidUiautomator2Driver's BaseDriver version is 10.0.1
[38;5;-59m[AndroidUiautomator2Driver@ff1c][0m The following provided capabilities were not recognized by this driver:
[38;5;-59m[AndroidUiautomator2Driver@ff1c][0m   deviceId
[38;5;211m[bf56dcd9][0m[38;5;-59m[AndroidUiautomator2Driver@ff1c][0m Session created with session id: bf56dcd9-851c-4d5a-89ba-cefe209956ee
[38;5;211m[bf56dcd9][0m[38;5;229m[ADB][0m Found 1 'build-tools' folders under '/Users/h25060008/.katalon/tools/android_sdk' (newest first):
[38;5;211m[bf56dcd9][0m[38;5;229m[ADB][0m     /Users/h25060008/.katalon/tools/android_sdk/build-tools/29.0.3
[38;5;211m[bf56dcd9][0m[38;5;229m[ADB][0m Using 'adb' from '/Users/h25060008/.katalon/tools/android_sdk/platform-tools/adb'
[38;5;211m[bf56dcd9][0m[38;5;-59m[AndroidUiautomator2Driver@ff1c][0m Retrieving device list
[38;5;211m[bf56dcd9][0m[38;5;-59m[AndroidUiautomator2Driver@ff1c][0m Using device: 5843cd0a
[38;5;211m[bf56dcd9][0m[38;5;229m[ADB][0m Using 'adb' from '/Users/h25060008/.katalon/tools/android_sdk/platform-tools/adb'
[38;5;211m[bf56dcd9][0m[38;5;-59m[AndroidUiautomator2Driver@ff1c][0m Neither 'app' nor 'appPackage' was set. Starting UiAutomator2 without the target application
[38;5;211m[bf56dcd9][0m[38;5;229m[ADB][0m Getting device platform version
[38;5;211m[bf56dcd9][0m[38;5;-59m[AndroidUiautomator2Driver@ff1c][0m Relaxing hidden api policy
[38;5;211m[bf56dcd9][0m[38;5;229m[ADB][0m Using 'aapt2' from '/Users/h25060008/.katalon/tools/android_sdk/build-tools/29.0.3/aapt2'
[38;5;211m[bf56dcd9][0m[38;5;229m[ADB][0m Failed to set setting keys 'hidden_api_policy_pre_p_apps,hidden_api_policy_p_apps,hidden_api_policy' to '1'. Original error: Error executing adbExec. Original error: 'Command '/Users/h25060008/.katalon/tools/android_sdk/platform-tools/adb -P 5037 -s 5843cd0a shell 'settings put global hidden_api_policy_pre_p_apps 1;settings put global hidden_api_policy_p_apps 1;settings put global hidden_api_policy 1'' exited with code 255'; Command output: 
Exception occurred while executing 'put':
java.lang.SecurityException: Permission denial, must have one of: [android.permission.WRITE_SECURE_SETTINGS]
	at com.android.providers.settings.SettingsProvider.enforceHasAtLeastOnePermission(SettingsProvider.java:2705)
	at com.android.providers.settings.SettingsProvider.mutateGlobalSetting(SettingsProvider.java:1610)
	at com.android.providers.settings.SettingsProvider.insertGlobalSetting(SettingsProvider.java:1564)
	at com.android.providers.settings.SettingsProvider.call(SettingsProvider.java:524)
	at android.content.ContentProvider.call(ContentProvider.java:2716)
	at android.content.ContentProvider$Transport.call(ContentProvider.java:641)
	at com.android.providers.settings.SettingsService$MyShellCommand.putForUser(SettingsService.java:385)
	at com.android.providers.settings.SettingsService$MyShellCommand.onCommand(SettingsService.java:281)
	at com.android.modules.utils.BasicShellCommandHandler.exec(BasicShellCommandHandler.java:97)
	at android.os.ShellCommand.exec(ShellCommand.java:38)
	at com.android.providers.settings.SettingsService.onShellCommand(SettingsService.java:53)
	at android.os.Binder.shellCommand(Binder.java:1092)
	at android.os.Binder.onTransact(Binder.java:912)
	at android.os.Binder.execTransactInternal(Binder.java:1392)
	at android.os.Binder.execTransact(Binder.java:1299)

Exception occurred while executing 'put':
java.lang.SecurityException: Permission denial, must have one of: [android.permission.WRITE_SECURE_SETTINGS]
	at com.android.providers.settings.SettingsProvider.enforceHasAtLeastOnePermission(SettingsProvider.java:2705)
	at com.android.providers.settings.SettingsProvider.mutateGlobalSetting(SettingsProvider.java:1610)
	at com.android.providers.settings.SettingsProvider.insertGlobalSetting(SettingsProvider.java:1564)
	at com.android.providers.settings.SettingsProvider.call(SettingsProvider.java:524)
	at android.content.ContentProvider.call(ContentProvider.java:2716)
	at android.content.ContentProvider$Transport.call(ContentProvider.java:641)
	at com.android.providers.settings.SettingsService$MyShellCommand.putForUser(SettingsService.java:385)
	at com.android.providers.settings.SettingsService$MyShellCommand.onCommand(SettingsService.java:281)
	at com.android.modules.utils.BasicShellCommandHandler.exec(BasicShellCommandHandler.java:97)
	at android.os.ShellCommand.exec(ShellCommand.java:38)
	at com.android.providers.settings.SettingsService.onShellCommand(SettingsService.java:53)
	at android.os.Binder.shellCommand(Binder.java:1092)
	at android.os.Binder.onTransact(Binder.java:912)
	at android.os.Binder.execTransactInternal(Binder.java:1392)
	at android.os.Binder.execTransact(Binder.java:1299)

Exception occurred while executing 'put':
java.lang.SecurityException: Permission denial, must have one of: [android.permission.WRITE_SECURE_SETTINGS]
	at com.android.providers.settings.SettingsProvider.enforceHasAtLeastOnePermission(SettingsProvider.java:2705)
	at com.android.providers.settings.SettingsProvider.mutateGlobalSetting(SettingsProvider.java:1610)
	at com.android.providers.settings.SettingsProvider.insertGlobalSetting(SettingsProvider.java:1564)
	at com.android.providers.settings.SettingsProvider.call(SettingsProvider.java:524)
	at android.content.ContentProvider.call(ContentProvider.java:2716)
	at android.content.ContentProvider$Transport.call(ContentProvider.java:641)
	at com.android.providers.settings.SettingsService$MyShellCommand.putForUser(SettingsService.java:385)
	at com.android.providers.settings.SettingsService$MyShellCommand.onCommand(SettingsService.java:281)
	at com.android.modules.utils.BasicShellCommandHandler.exec(BasicShellCommandHandler.java:97)
	at android.os.ShellCommand.exec(ShellCommand.java:38)
	at com.android.providers.settings.SettingsService.onShellCommand(SettingsService.java:53)
	at android.os.Binder.shellCommand(Binder.java:1092)
	at android.os.Binder.onTransact(Binder.java:912)
	at android.os.Binder.execTransactInternal(Binder.java:1392)
	at android.os.Binder.execTransact(Binder.java:1299)

[38;5;211m[bf56dcd9][0m[38;5;-59m[AndroidUiautomator2Driver@ff1c][0m Unable to set mock location for app 'io.appium.settings': Error executing adbExec. Original error: 'Command '/Users/h25060008/.katalon/tools/android_sdk/platform-tools/adb -P 5037 -s 5843cd0a shell appops set io.appium.settings android\:mock_location allow' exited with code 255'; Command output: 
Exception occurred while executing 'set':
java.lang.SecurityException: uid 2000 does not have android.permission.MANAGE_APP_OPS_MODES.
	at android.app.ContextImpl.enforce(ContextImpl.java:2384)
	at android.app.ContextImpl.enforcePermission(ContextImpl.java:2393)
	at com.android.server.appop.AppOpsService.enforceManageAppOpsModes(AppOpsService.java:1815)
	at com.android.server.appop.AppOpsService.setMode(AppOpsService.java:2008)
	at com.android.server.appop.AppOpsService.setMode(AppOpsService.java:1996)
	at com.android.server.appop.AppOpsService.onShellCommand(AppOpsService.java:4815)
	at com.android.server.appop.AppOpsService$Shell.onCommand(AppOpsService.java:4584)
	at com.android.modules.utils.BasicShellCommandHandler.exec(BasicShellCommandHandler.java:97)
	at android.os.ShellCommand.exec(ShellCommand.java:38)
	at com.android.server.appop.AppOpsService.onShellCommand(AppOpsService.java:4756)
	at android.os.Binder.shellCommand(Binder.java:1092)
	at android.os.Binder.onTransact(Binder.java:912)
	at com.android.internal.app.IAppOpsService$Stub.onTransact(IAppOpsService.java:1120)
	at android.os.Binder.execTransactInternal(Binder.java:1392)
	at android.os.Binder.execTransact(Binder.java:1299)

[38;5;211m[bf56dcd9][0m[38;5;-59m[AndroidUiautomator2Driver@ff1c][0m Server packages are not going to be (re)installed
[38;5;211m[bf56dcd9][0m[38;5;229m[ADB][0m Adding packages ["io.appium.settings","io.appium.uiautomator2.server","io.appium.uiautomator2.server.test"] to Doze whitelist
[38;5;211m[bf56dcd9][0m[38;5;-59m[AndroidUiautomator2Driver@ff1c][0m Starting UIAutomator2 server 8.1.1
[38;5;211m[bf56dcd9][0m[38;5;-59m[AndroidUiautomator2Driver@ff1c][0m Using UIAutomator2 server from '/Users/h25060008/.appium/node_modules/appium-uiautomator2-driver/node_modules/appium-uiautomator2-server/apks/appium-uiautomator2-server-v8.1.1.apk' and test from '/Users/h25060008/.appium/node_modules/appium-uiautomator2-driver/node_modules/appium-uiautomator2-server/apks/appium-uiautomator2-server-debug-androidTest.apk'
[38;5;211m[bf56dcd9][0m[38;5;-59m[AndroidUiautomator2Driver@ff1c][0m Waiting up to 30000ms for UiAutomator2 to be online...
[38;5;211m[bf56dcd9][0m[38;5;-59m[AndroidUiautomator2Driver@ff1c][0m socket hang up
[38;5;211m[bf56dcd9][0m[38;5;-59m[AndroidUiautomator2Driver@ff1c][0m socket hang up
[38;5;211m[bf56dcd9][0m[38;5;-59m[AndroidUiautomator2Driver@ff1c][0m Determined the downstream protocol as 'W3C'
[38;5;211m[bf56dcd9][0m[38;5;-59m[AndroidUiautomator2Driver@ff1c][0m Screen already unlocked, doing nothing
[38;5;211m[bf56dcd9][0m[38;5;92m[AppiumDriver@1c35][0m New AndroidUiautomator2Driver session created successfully, session bf56dcd9-851c-4d5a-89ba-cefe209956ee added to master session list
[38;5;211m[bf56dcd9][0m[38;5;86m[HTTP][0m <-- POST /wd/hub/session 200 4193 ms - 1123 
[38;5;86m[HTTP][0m [37m-->[39m [37mGET[39m [37m/status[39m 
[38;5;86m[HTTP][0m <-- GET /status 404 4 ms - 3102 
[38;5;211m[bf56dcd9][0m[38;5;86m[HTTP][0m [37m-->[39m [37mPOST[39m [37m/wd/hub/session/bf56dcd9-851c-4d5a-89ba-cefe209956ee/timeouts[39m {"implicit":60000}
[38;5;211m[bf56dcd9][0m[38;5;86m[HTTP][0m <-- POST /wd/hub/session/bf56dcd9-851c-4d5a-89ba-cefe209956ee/timeouts 200 1 ms - 14 
[38;5;211m[bf56dcd9][0m[38;5;86m[HTTP][0m [37m-->[39m [37mPOST[39m [37m/wd/hub/session/bf56dcd9-851c-4d5a-89ba-cefe209956ee/execute/sync[39m {"script":"mobile: getSystemBars","args":[]}
[38;5;211m[bf56dcd9][0m[38;5;86m[HTTP][0m <-- POST /wd/hub/session/bf56dcd9-851c-4d5a-89ba-cefe209956ee/execute/sync 200 160 ms - 152 
[38;5;211m[bf56dcd9][0m[38;5;86m[HTTP][0m [37m-->[39m [37mPOST[39m [37m/wd/hub/session/bf56dcd9-851c-4d5a-89ba-cefe209956ee/execute/sync[39m {"script":"mobile: activateApp","args":[{"appId":"in.sweatco.app","bundleId":"in.sweatco.app"}]}
[38;5;211m[bf56dcd9][0m[38;5;123m[BaseDriver][0m The following arguments are not known and will be ignored: bundleId
[38;5;211m[bf56dcd9][0m[38;5;86m[HTTP][0m <-- POST /wd/hub/session/bf56dcd9-851c-4d5a-89ba-cefe209956ee/execute/sync 200 240 ms - 14 
[38;5;211m[bf56dcd9][0m[38;5;86m[HTTP][0m [37m-->[39m [37mGET[39m [37m/wd/hub/session/bf56dcd9-851c-4d5a-89ba-cefe209956ee/source[39m {}
[38;5;211m[bf56dcd9][0m[38;5;-59m[AndroidUiautomator2Driver@ff1c][0m Driver proxy active, passing request on via HTTP proxy
[38;5;211m[bf56dcd9][0m[38;5;-59m[AndroidUiautomator2Driver@ff1c][0m Replacing sessionId 9c29115f-4784-4088-927f-5ef1e459bab1 with bf56dcd9-851c-4d5a-89ba-cefe209956ee
[38;5;211m[bf56dcd9][0m[38;5;86m[HTTP][0m <-- GET /wd/hub/session/bf56dcd9-851c-4d5a-89ba-cefe209956ee/source 200 11365 ms - 174921 
[38;5;211m[bf56dcd9][0m[38;5;86m[HTTP][0m [37m-->[39m [37mGET[39m [37m/wd/hub/session/bf56dcd9-851c-4d5a-89ba-cefe209956ee/screenshot[39m {}
[38;5;211m[bf56dcd9][0m[38;5;86m[HTTP][0m <-- GET /wd/hub/session/bf56dcd9-851c-4d5a-89ba-cefe209956ee/screenshot 200 1114 ms - 1682640 
[38;5;211m[bf56dcd9][0m[38;5;-59m[AndroidUiautomator2Driver@ff1c][0m Shutting down because we waited 1800 seconds for a command
[38;5;211m[bf56dcd9][0m[38;5;92m[AppiumDriver@1c35][0m Ending session, cause was 'New Command Timeout of 1800 seconds expired. Try customizing the timeout using the 'newCommandTimeout' desired capability'
[38;5;211m[bf56dcd9][0m[38;5;92m[AppiumDriver@1c35][0m Removing session 'bf56dcd9-851c-4d5a-89ba-cefe209956ee' from our master session list
[38;5;211m[bf56dcd9][0m[38;5;-59m[AndroidUiautomator2Driver@ff1c][0m Did not get the confirmation of UiAutomator2 server session deletion. Original error: 'DELETE /' cannot be proxied to UiAutomator2 server because the instrumentation process is not running (probably crashed). Check the server log and/or the logcat output for more details
[38;5;211m[bf56dcd9][0m[38;5;229m[ADB][0m Error sending command, reconnecting device and retrying: shell,pgrep,-f,\(\[\[:blank:\]\]\|\^\)io\.appium\.uiautomator2\.server\(:\[a-zA-Z0-9_-\]\+\)\?\(\[\[:blank:\]\]\|\$\)
[38;5;211m[bf56dcd9][0m[38;5;229m[ADB][0m Error sending command, reconnecting device and retrying: shell,am,force-stop,io.appium.uiautomator2.server
[38;5;211m[bf56dcd9][0m[38;5;229m[ADB][0m Error sending command, reconnecting device and retrying: shell,am,force-stop,io.appium.uiautomator2.server.test
[38;5;211m[bf56dcd9][0m[38;5;229m[ADB][0m Error sending command, reconnecting device and retrying: shell,dumpsys,activity,services,io.appium.settings/.recorder.RecorderService
[38;5;211m[bf56dcd9][0m[38;5;229m[ADB][0m Error sending command, reconnecting device and retrying: forward,--remove,tcp:8294
[38;5;211m[bf56dcd9][0m[38;5;-59m[AndroidUiautomator2Driver@ff1c][0m Unable to remove system port forward: Could not find a connected Android device in 20000ms
[38;5;211m[bf56dcd9][0m[38;5;-59m[AndroidUiautomator2Driver@ff1c][0m Restoring hidden api policy to the device default configuration
[38;5;211m[bf56dcd9][0m[38;5;229m[ADB][0m Error sending command, reconnecting device and retrying: shell,settings delete global hidden_api_policy_pre_p_apps;settings delete global hidden_api_policy_p_apps;settings delete global hidden_api_policy
[38;5;211m[bf56dcd9][0m[38;5;229m[ADB][0m Failed to delete keys 'hidden_api_policy_pre_p_apps,hidden_api_policy_p_apps,hidden_api_policy'. Original error: Could not find a connected Android device in 20000ms
[38;5;211m[bf56dcd9][0m[38;5;86m[HTTP][0m [37m-->[39m [37mDELETE[39m [37m/wd/hub/session/bf56dcd9-851c-4d5a-89ba-cefe209956ee[39m {}
[38;5;211m[bf56dcd9][0m[38;5;86m[HTTP][0m <-- DELETE /wd/hub/session/bf56dcd9-851c-4d5a-89ba-cefe209956ee 404 15 ms - 2856 
[38;5;112m[Appium][0m Received SIGTERM - shutting down
[38;5;86m[HTTP][0m Closing Appium HTTP server
[38;5;86m[HTTP][0m Appium HTTP server has been successfully closed after 2ms
.java:1573)
	at com.android.providers.settings.SettingsProvider.call(SettingsProvider.java:597)
	at android.content.ContentProvider.call(ContentProvider.java:2716)
	at android.content.ContentProvider$Transport.call(ContentProvider.java:641)
	at com.android.providers.settings.SettingsService$MyShellCommand.deleteForUser(SettingsService.java:411)
	at com.android.providers.settings.SettingsService$MyShellCommand.onCommand(SettingsService.java:285)
	at com.android.modules.utils.BasicShellCommandHandler.exec(BasicShellCommandHandler.java:97)
	at android.os.ShellCommand.exec(ShellCommand.java:38)
	at com.android.providers.settings.SettingsService.onShellCommand(SettingsService.java:53)
	at android.os.Binder.shellCommand(Binder.java:1092)
	at android.os.Binder.onTransact(Binder.java:912)
	at android.os.Binder.execTransactInternal(Binder.java:1392)
	at android.os.Binder.execTransact(Binder.java:1299)

Exception occurred while executing 'delete':
java.lang.SecurityException: Permission denial, must have one of: [android.permission.WRITE_SECURE_SETTINGS]
	at com.android.providers.settings.SettingsProvider.enforceHasAtLeastOnePermission(SettingsProvider.java:2705)
	at com.android.providers.settings.SettingsProvider.mutateGlobalSetting(SettingsProvider.java:1610)
	at com.android.providers.settings.SettingsProvider.mutateGlobalSetting(SettingsProvider.java:1602)
	at com.android.providers.settings.SettingsProvider.deleteGlobalSetting(SettingsProvider.java:1573)
	at com.android.providers.settings.SettingsProvider.call(SettingsProvider.java:597)
	at android.content.ContentProvider.call(ContentProvider.java:2716)
	at android.content.ContentProvider$Transport.call(ContentProvider.java:641)
	at com.android.providers.settings.SettingsService$MyShellCommand.deleteForUser(SettingsService.java:411)
	at com.android.providers.settings.SettingsService$MyShellCommand.onCommand(SettingsService.java:285)
	at com.android.modules.utils.BasicShellCommandHandler.exec(BasicShellCommandHandler.java:97)
	at android.os.ShellCommand.exec(ShellCommand.java:38)
	at com.android.providers.settings.SettingsService.onShellCommand(SettingsService.java:53)
	at android.os.Binder.shellCommand(Binder.java:1092)
	at android.os.Binder.onTransact(Binder.java:912)
	at android.os.Binder.execTransactInternal(Binder.java:1392)
	at android.os.Binder.execTransact(Binder.java:1299)

Exception occurred while executing 'delete':
java.lang.SecurityException: Permission denial, must have one of: [android.permission.WRITE_SECURE_SETTINGS]
	at com.android.providers.settings.SettingsProvider.enforceHasAtLeastOnePermission(SettingsProvider.java:2705)
	at com.android.providers.settings.SettingsProvider.mutateGlobalSetting(SettingsProvider.java:1610)
	at com.android.providers.settings.SettingsProvider.mutateGlobalSetting(SettingsProvider.java:1602)
	at com.android.providers.settings.SettingsProvider.deleteGlobalSetting(SettingsProvider.java:1573)
	at com.android.providers.settings.SettingsProvider.call(SettingsProvider.java:597)
	at android.content.ContentProvider.call(ContentProvider.java:2716)
	at android.content.ContentProvider$Transport.call(ContentProvider.java:641)
	at com.android.providers.settings.SettingsService$MyShellCommand.deleteForUser(SettingsService.java:411)
	at com.android.providers.settings.SettingsService$MyShellCommand.onCommand(SettingsService.java:285)
	at com.android.modules.utils.BasicShellCommandHandler.exec(BasicShellCommandHandler.java:97)
	at android.os.ShellCommand.exec(ShellCommand.java:38)
	at com.android.providers.settings.SettingsService.onShellCommand(SettingsService.java:53)
	at android.os.Binder.shellCommand(Binder.java:1092)
	at android.os.Binder.onTransact(Binder.java:912)
	at android.os.Binder.execTransactInternal(Binder.java:1392)
	at android.os.Binder.execTransact(Binder.java:1299)

[38;5;112m[Appium][0m Received SIGTERM - shutting down
[38;5;86m[HTTP][0m Closing Appium HTTP server
[38;5;86m[HTTP][0m Appium HTTP server has been successfully closed after 16ms
